// Jest Snapshot v1, https://goo.gl/fbAQLP

exports[`todoHeader.vue snapshot 1`] = `
<header class="header">
  <h1>todos</h1><input data-testid="new-todo" class="new-todo" placeholder="What needs to be done?" autofocus="">
</header>
`;
