// Jest Snapshot v1, https://goo.gl/fbAQLP

exports[`TodoFooter.vue snapshot 1`] = `
<!-- This footer should be hidden by default and shown when there are todos -->
<footer class="footer">
  <!-- This should be \`0 items left\` by default --><span class="todo-count"><strong data-testid="todos-done-count">1</strong> item left</span><!-- Remove this if you don't implement routing -->
  <ul class="filters">
    <li>
      <router-link data-testid="link-all" exact="" to="/todo">All</router-link>
    </li>
    <li>
      <router-link data-testid="link-active" to="/todo/active">Active</router-link>
    </li>
    <li>
      <router-link data-testid="link-completed" to="/todo/completed">Completed</router-link>
    </li>
  </ul><!-- Hidden if no completed items are left â†“ --><button class="clear-completed" data-testid="clear-completed">Clear completed</button>
</footer>
`;
